
> backend@1.0.0 dev
> nodemon src/index.js

[33m[nodemon] 3.1.14[39m
[33m[nodemon] to restart at any time, enter `rs`[39m
[33m[nodemon] watching path(s): *.*[39m
[33m[nodemon] watching extensions: js,mjs,cjs,json[39m
[32m[nodemon] starting `node src/index.js`[39m
◇ injected env (7) from .env // tip: ⌁ auth for agents [www.vestauth.com]
Server jalan di http://localhost:3000
[32m[nodemon] clean exit - waiting for changes before restart[39m
[32m[nodemon] restarting due to changes...[39m
[32m[nodemon] starting `node src/index.js`[39m
◇ injected env (7) from .env // tip: ⌘ suppress logs { quiet: true }
Server jalan di http://localhost:3000
[32m[nodemon] restarting due to changes...[39m
[32m[nodemon] starting `node src/index.js`[39m
◇ injected env (7) from .env // tip: ⌘ suppress logs { quiet: true }
Server jalan di http://localhost:3000
[32m[nodemon] clean exit - waiting for changes before restart[39m
[32m[nodemon] restarting due to changes...[39m
[32m[nodemon] starting `node src/index.js`[39m
◇ injected env (7) from .env // tip: ◈ secrets for agents [www.dotenvx.com]
Server jalan di http://localhost:3000
[32m[nodemon] restarting due to changes...[39m
[32m[nodemon] starting `node src/index.js`[39m
◇ injected env (7) from .env // tip: ◈ encrypted .env [www.dotenvx.com]
Server jalan di http://localhost:3000
[32m[nodemon] clean exit - waiting for changes before restart[39m
[32m[nodemon] restarting due to changes...[39m
[32m[nodemon] starting `node src/index.js`[39m
◇ injected env (7) from .env // tip: ⌁ auth for agents [www.vestauth.com]
Server jalan di http://localhost:3000
[31m[nodemon] app crashed - waiting for file changes before starting...[39m
